<h1>grunt-styleguide</h1>
<p class="project-version">0.1.0</p>
<p class="project-description">lazy styleguide</p>
	<p class="file">test&#x2F;fixtures&#x2F;_imported.scss</p>
	<p class="file">test&#x2F;fixtures&#x2F;compile.scss</p>
		<h4>Button</h4>
			<p class="description">Your standard form button.</p>
			<p class="state">:hover<br>is-hover<br>Highlights when hovering.</p>
			<p class="state">:disabled<br>is-disabled<br>Dims the button when disabled.</p>
			<p class="state">.primary<br>primary<br>Indicates button is the primary action.</p>
			<p class="state">.smaller<br>smaller<br>A smaller button</p>
			<button>This is a button</button>
			<pre>
			&lt;button&gt;This is a button&lt;/button&gt;
			</pre>
